// Jest Snapshot v1, https://goo.gl/fbAQLP

exports[`NewsArticle component renders NewsArticle 1`] = `
<DocumentFragment>
  <h3>
    a title
  </h3>
  <p>
    by 
  </p>
  <p>
    that description
  </p>
</DocumentFragment>
`;
