// Jest Snapshot v1, https://goo.gl/fbAQLP

exports[`NewsArticleList component renders NewsArticleList 1`] = `
<DocumentFragment>
  <ul
    data-testid="display"
  />
</DocumentFragment>
`;
